2026-08-08T22:31:49  [BACKUP] test -> /Users/ferdinandrothlisberger/devis-auto/data/backups/test_20260808_223149
2026-08-08T22:32:18  [BACKUP] test -> /Users/ferdinandrothlisberger/devis-auto/data/backups/test_20260808_223218
2026-08-09T08:26:51  [EXTRAS_ANGWANDT] 
2026-08-09T08:27:06  [BACKUP] test -> /Users/ferdinandrothlisberger/devis-auto/data/backups/test_20260809_082706
2026-08-09T08:29:10  [EXTRAS_ANGWANDT] 
2026-08-09T08:31:19  [BACKUP] test -> /Users/ferdinandrothlisberger/devis-auto/data/backups/test_20260809_083119
2026-08-09T08:32:34  [EXTRAS_ANGWANDT] 
2026-08-09T08:40:25  [BACKUP] test -> /Users/ferdinandrothlisberger/devis-auto/data/backups/test_20260809_084025
2026-08-09T09:07:50  [BACKUP] test -> /Users/ferdinandrothlisberger/devis-auto/data/backups/test_20260809_090750
2026-08-09T09:07:57  [BACKUP] test -> /Users/ferdinandrothlisberger/devis-auto/data/backups/test_20260809_090757
2026-08-09T09:08:34  [BACKUP] test -> /Users/ferdinandrothlisberger/devis-auto/data/backups/test_20260809_090834
2026-08-09T09:21:19  [BACKUP] vor_profil -> /Users/ferdinandrothlisberger/devis-auto/data/backups/vor_profil_20260809_092119
2026-08-09T09:21:19  [NPK_IMPORT] 3 Positionen
2026-08-09T09:21:34  [BACKUP] test -> /Users/ferdinandrothlisberger/devis-auto/data/backups/test_20260809_092134
2026-08-09T09:22:16  [BACKUP] vor_profil -> /Users/ferdinandrothlisberger/devis-auto/data/backups/vor_profil_20260809_092216
2026-08-09T09:22:16  [NPK_IMPORT] 3 Positionen
2026-08-09T09:22:16  [BACKUP] test -> /Users/ferdinandrothlisberger/devis-auto/data/backups/test_20260809_092216
2026-08-09T09:23:07  [NPK_IMPORT] 2 Positionen
2026-08-09T09:23:07  [BACKUP] test -> /Users/ferdinandrothlisberger/devis-auto/data/backups/test_20260809_092307
2026-08-09T09:33:42  [BACKUP] vor_profil -> /Users/ferdinandrothlisberger/devis-auto/data/backups/vor_profil_20260809_093342
2026-08-09T09:33:42  [NPK_IMPORT] 3 Positionen
2026-08-09T09:33:42  [BACKUP] test -> /Users/ferdinandrothlisberger/devis-auto/data/backups/test_20260809_093342
2026-08-09T19:31:39  [EXTRAS_ANGWANDT] 
2026-08-09T19:33:35  [EXTRAS_ANGWANDT] 
2026-08-09T19:37:53  [EXTRAS_ANGWANDT] 
2026-08-09T19:42:24  [EXTRAS_ANGWANDT] 
2026-08-09T20:20:52  [EXTRAS_ANGWANDT] 
2026-08-09T21:31:13  [BACKUP] test -> /Users/ferdinandrothlisberger/devis-auto/data/backups/test_20260809_213113
2026-08-09T21:35:04  [EXTRAS_ANGWANDT] 
2026-08-09T21:36:34  [EXTRAS_ANGWANDT] 
2026-08-09T21:36:34  [EXTRAS_ANGWANDT] 
2026-08-09T21:36:34  [BACKUP] test -> /Users/ferdinandrothlisberger/devis-auto/data/backups/test_20260809_213634
2026-08-09T21:44:02  [NPK_IMPORT] 2 Positionen
2026-08-09T21:45:46  [NPK_IMPORT] 2 Positionen
2026-08-09T21:48:31  [NPK_IMPORT] 2 Positionen
2026-08-09T21:49:13  [EXTRAS_ANGWANDT] 
2026-08-09T21:49:13  [BACKUP] vor_profil -> /Users/ferdinandrothlisberger/devis-auto/data/backups/vor_profil_20260809_214913
2026-08-09T21:49:13  [EXTRAS_ANGWANDT] 
2026-08-09T21:49:13  [BACKUP] test -> /Users/ferdinandrothlisberger/devis-auto/data/backups/test_20260809_214913
2026-08-09T21:50:03  [EXTRAS_ANGWANDT] 
2026-08-09T21:50:03  [BACKUP] test -> /Users/ferdinandrothlisberger/devis-auto/data/backups/test_20260809_215003
2026-08-09T22:06:06  [BACKUP] test -> /Users/ferdinandrothlisberger/devis-auto/data/backups/test_20260809_220606
2026-08-09T22:06:16  [BACKUP] test -> /Users/ferdinandrothlisberger/devis-auto/data/backups/test_20260809_220616
2026-08-09T22:07:56  [BACKUP] test -> /Users/ferdinandrothlisberger/devis-auto/data/backups/test_20260809_220756
2026-08-09T22:08:29  [BACKUP] test -> /Users/ferdinandrothlisberger/devis-auto/data/backups/test_20260809_220829
2026-08-09T22:08:48  [BACKUP] test -> /Users/ferdinandrothlisberger/devis-auto/data/backups/test_20260809_220848
2026-08-09T22:09:30  [BACKUP] test -> /Users/ferdinandrothlisberger/devis-auto/data/backups/test_20260809_220930
2026-08-09T22:10:01  [BACKUP] test -> /Users/ferdinandrothlisberger/devis-auto/data/backups/test_20260809_221001
2026-08-09T22:28:13  [BACKUP] test -> /Users/ferdinandrothlisberger/devis-auto/data/backups/test_20260809_222813
2026-08-09T22:28:52  [BACKUP] test -> /Users/ferdinandrothlisberger/devis-auto/data/backups/test_20260809_222852
2026-08-10T08:40:42  [DEVIS_BEPREIST] DEVIS_BEPREIST id=devis_0001 netto=19499.20
2026-08-10T08:44:01  [DEVIS_BEPREIST] DEVIS_BEPREIST id=devis_0001 netto=19499.20
2026-08-10T08:46:07  [DEVIS_BEPREIST] DEVIS_BEPREIST id=devis_0001 netto=19499.20
2026-08-10T08:47:34  [DEVIS_BEPREIST] DEVIS_BEPREIST id=devis_0001 netto=19499.20
2026-08-10T08:49:13  [DEVIS_BEPREIST] DEVIS_BEPREIST id=devis_0001 netto=19499.20
2026-08-10T08:50:22  [DEVIS_BEPREIST] DEVIS_BEPREIST id=devis_0001 netto=19499.20
2026-08-10T08:52:29  [DEVIS_BEPREIST] DEVIS_BEPREIST id=devis_0001 netto=19499.20
2026-08-10T08:53:12  [BACKUP] test -> /Users/ferdinandrothlisberger/devis-auto/data/backups/test_20260810_085312
2026-08-10T08:55:19  [DEVIS_BEPREIST] DEVIS_BEPREIST id=devis_0001 netto=19499.20
2026-08-10T09:13:34  [DEVIS_BEPREIST] DEVIS_BEPREIST id=devis_0001 netto=19499.20
2026-08-10T09:14:56  [DEVIS_BEPREIST] DEVIS_BEPREIST id=devis_0001 netto=19499.20
2026-08-10T09:16:39  [DEVIS_BEPREIST] DEVIS_BEPREIST id=devis_0001 netto=19499.20
2026-08-10T09:18:06  [DEVIS_BEPREIST] DEVIS_BEPREIST id=devis_0001 netto=19499.20
2026-08-10T09:19:24  [DEVIS_BEPREIST] DEVIS_BEPREIST id=devis_0001 netto=19499.20
2026-08-10T09:28:13  [DEVIS_BEPREIST] DEVIS_BEPREIST id=devis_0001 netto=19499.20
2026-08-10T09:29:21  [DEVIS_BEPREIST] DEVIS_BEPREIST id=devis_0001 netto=19499.20
2026-08-10T10:21:45  [DEVIS_BEPREIST] DEVIS_BEPREIST id=devis_0001 netto=19499.20
2026-08-10T10:22:41  [DEVIS_BEPREIST] DEVIS_BEPREIST id=devis_0001 netto=19499.20
2026-08-10T10:22:41  [DEVIS_BEPREIST] DEVIS_BEPREIST id=devis_0001 netto=19499.20
2026-08-10T10:22:41  [DEVIS_BEPREIST] DEVIS_BEPREIST id=devis_0001 netto=19499.20
2026-08-10T10:23:20  [DEVIS_BEPREIST] DEVIS_BEPREIST id=devis_0001 netto=19499.20
2026-08-10T10:24:28  [BACKUP] test -> /Users/ferdinandrothlisberger/devis-auto/data/backups/test_20260810_102428
2026-08-10T10:24:54  [DEVIS_BEPREIST] DEVIS_BEPREIST id=devis_0001 netto=19499.20
2026-08-10T10:25:44  [DEVIS_BEPREIST] DEVIS_BEPREIST id=devis_0001 netto=19499.20
2026-08-10T10:26:58  [DEVIS_BEPREIST] DEVIS_BEPREIST id=devis_0001 netto=19499.20
2026-08-10T10:48:05  [BACKUP] test -> /Users/ferdinandrothlisberger/devis-auto/data/backups/test_20260810_104805
2026-08-10T10:48:18  [BACKUP] test -> /Users/ferdinandrothlisberger/devis-auto/data/backups/test_20260810_104818
2026-08-10T10:50:40  [BACKUP] test -> /Users/ferdinandrothlisberger/devis-auto/data/backups/test_20260810_105040
2026-08-10T10:51:15  [DEVIS_BEPREIST] DEVIS_BEPREIST id=devis_0001 netto=19499.20
2026-08-10T11:14:30  [DEVIS_BEPREIST] DEVIS_BEPREIST id=devis_0001 netto=108682.50
2026-08-10T11:17:45  [DEVIS_BEPREIST] DEVIS_BEPREIST id=devis_0002 netto=19499.20
2026-08-10T11:17:45  [DEVIS_BEPREIST] DEVIS_BEPREIST id=devis_0002 netto=19499.20
2026-08-10T11:17:45  [DEVIS_BEPREIST] DEVIS_BEPREIST id=devis_0002 netto=19499.20
2026-08-10T11:20:12  [DEVIS_BEPREIST] DEVIS_BEPREIST id=devis_0001 netto=19499.20
2026-08-10T11:27:48  [BACKUP] test -> /Users/ferdinandrothlisberger/devis-auto/data/backups/test_20260810_112748
2026-08-10T11:28:04  [BACKUP] test -> /Users/ferdinandrothlisberger/devis-auto/data/backups/test_20260810_112804
2026-08-10T11:29:09  [BACKUP] test -> /Users/ferdinandrothlisberger/devis-auto/data/backups/test_20260810_112909
2026-08-10T11:34:18  [BACKUP] test -> /Users/ferdinandrothlisberger/devis-auto/data/backups/test_20260810_113418
2026-08-10T11:35:03  [BACKUP] test -> /Users/ferdinandrothlisberger/devis-auto/data/backups/test_20260810_113503
2026-08-10T11:47:53  [BACKUP] test -> /Users/ferdinandrothlisberger/devis-auto/data/backups/test_20260810_114753
2026-08-10T20:20:35  [DEVIS_BEPREIST] DEVIS_BEPREIST id=devis_0001 netto=108682.50
2026-08-10T22:26:23  [BACKUP] test -> /Users/ferdinandrothlisberger/devis-auto/data/backups/test_20260810_222623
2026-08-11T07:11:45  [BACKUP] test_exclude -> /Users/ferdinandrothlisberger/devis-auto/data/backups/test_exclude_20260811_071145 (ausgeschlossen: ['smtp.json'])
2026-08-11T07:12:24  [BACKUP] verify_exc -> /Users/ferdinandrothlisberger/devis-auto/data/backups/verify_exc_20260811_071224 (ausgeschlossen: ['smtp.json'])
2026-08-11T07:12:24  [BACKUP] verify_exc -> /Users/ferdinandrothlisberger/devis-auto/data/backups/verify_exc_20260811_071224 (ausgeschlossen: ['smtp.json'])
2026-08-11T07:12:24  [BACKUP] verify_exc -> /Users/ferdinandrothlisberger/devis-auto/data/backups/verify_exc_20260811_071224 (ausgeschlossen: ['smtp.json'])
2026-08-11T07:13:13  [BACKUP] fresh_exc -> /Users/ferdinandrothlisberger/devis-auto/data/backups/fresh_exc_20260811_071313 (ausgeschlossen: ['smtp.json'])
2026-08-11T07:13:13  [BACKUP] fresh_exc -> /Users/ferdinandrothlisberger/devis-auto/data/backups/fresh_exc_20260811_071313 (ausgeschlossen: ['smtp.json'])
2026-08-11T07:13:13  [BACKUP] fresh_exc -> /Users/ferdinandrothlisberger/devis-auto/data/backups/fresh_exc_20260811_071313 (ausgeschlossen: ['smtp.json'])
2026-08-11T07:14:11  [BACKUP] v2_exc -> /Users/ferdinandrothlisberger/devis-auto/data/backups/v2_exc_20260811_071411 (ausgeschlossen: ['smtp.json'])
2026-08-11T07:14:11  [BACKUP] v2_exc -> /Users/ferdinandrothlisberger/devis-auto/data/backups/v2_exc_20260811_071411 (ausgeschlossen: ['smtp.json'])
2026-08-11T07:14:11  [BACKUP] v2_exc -> /Users/ferdinandrothlisberger/devis-auto/data/backups/v2_exc_20260811_071411 (ausgeschlossen: ['smtp.json'])
2026-08-11T08:04:16  [DEVIS_BEPREIST] DEVIS_BEPREIST id=devis_0002 netto=108682.50
2026-08-11T08:30:30  [DEVIS_BEPREIST] DEVIS_BEPREIST id=devis_0003 netto=11544.50
